// Jest Snapshot v1, https://goo.gl/fbAQLP

exports[`should generate expenses list item 1`] = `
<Link
  className="list-item"
  replace={false}
  to="/edit/3"
>
  <div>
    <h3
      className="list-item__title"
    >
      Shoes
    </h3>
    <span
      className="list-item__sub-title"
    >
       
      December 27th, 1969
    </span>
  </div>
  <h3
    className="list-item__data"
  >
    $250.00
  </h3>
</Link>
`;
