// Jest Snapshot v1, https://goo.gl/fbAQLP

exports[`Should generate summary for 0 or multiple expenses 1`] = `
<h3>
  Viewing 
   
  expenses
   totalling 
  $0.00
</h3>
`;

exports[`should generate summary for 1 expense 1`] = `
<h3>
  Viewing 
   
  expenses
   totalling 
  $0.00
</h3>
`;
